INFO - 2021-10-25 03:03:18 --> Controller "App\Controllers\CttAdmin\Home" loaded.
INFO - 2021-10-25 03:03:19 --> Session: Class initialized using 'CodeIgniter\Session\Handlers\FileHandler' driver.
INFO - 2021-10-25 03:03:37 --> Controller "App\Controllers\CttAdmin\Home" loaded.
INFO - 2021-10-25 03:03:37 --> Session: Class initialized using 'CodeIgniter\Session\Handlers\FileHandler' driver.
INFO - 2021-10-25 03:04:14 --> Controller "App\Controllers\CttAdmin\Home" loaded.
INFO - 2021-10-25 03:04:14 --> Session: Class initialized using 'CodeIgniter\Session\Handlers\FileHandler' driver.
INFO - 2021-10-25 03:05:27 --> Controller "App\Controllers\CttAdmin\Home" loaded.
INFO - 2021-10-25 03:05:44 --> Controller "App\Controllers\CttAdmin\Home" loaded.
INFO - 2021-10-25 03:05:44 --> Session: Class initialized using 'CodeIgniter\Session\Handlers\FileHandler' driver.
INFO - 2021-10-25 03:06:25 --> Controller "App\Controllers\CttAdmin\Home" loaded.
INFO - 2021-10-25 03:06:25 --> Session: Class initialized using 'CodeIgniter\Session\Handlers\FileHandler' driver.
INFO - 2021-10-25 03:07:57 --> Controller "App\Controllers\CttAdmin\Home" loaded.
INFO - 2021-10-25 03:07:57 --> Session: Class initialized using 'CodeIgniter\Session\Handlers\FileHandler' driver.
INFO - 2021-10-25 03:09:13 --> Controller "App\Controllers\CttAdmin\Home" loaded.
INFO - 2021-10-25 03:09:13 --> Session: Class initialized using 'CodeIgniter\Session\Handlers\FileHandler' driver.
INFO - 2021-10-25 03:09:14 --> Controller "App\Controllers\CttAdmin\Home" loaded.
INFO - 2021-10-25 03:09:14 --> Session: Class initialized using 'CodeIgniter\Session\Handlers\FileHandler' driver.
INFO - 2021-10-25 03:10:00 --> Controller "App\Controllers\CttAdmin\Home" loaded.
INFO - 2021-10-25 03:10:00 --> Session: Class initialized using 'CodeIgniter\Session\Handlers\FileHandler' driver.
INFO - 2021-10-25 03:16:45 --> Controller "App\Controllers\CttAdmin\Home" loaded.
INFO - 2021-10-25 03:16:45 --> Session: Class initialized using 'CodeIgniter\Session\Handlers\FileHandler' driver.
INFO - 2021-10-25 03:16:45 --> Controller "App\Controllers\CttAdmin\Home" loaded.
INFO - 2021-10-25 03:16:45 --> Session: Class initialized using 'CodeIgniter\Session\Handlers\FileHandler' driver.
INFO - 2021-10-25 03:16:56 --> Controller "App\Controllers\CttAdmin\Home" loaded.
INFO - 2021-10-25 03:16:56 --> Session: Class initialized using 'CodeIgniter\Session\Handlers\FileHandler' driver.
INFO - 2021-10-25 03:20:35 --> Controller "App\Controllers\CttAdmin\Home" loaded.
INFO - 2021-10-25 03:20:35 --> Session: Class initialized using 'CodeIgniter\Session\Handlers\FileHandler' driver.
INFO - 2021-10-25 03:20:35 --> Controller "App\Controllers\CttAdmin\Home" loaded.
INFO - 2021-10-25 03:20:35 --> Session: Class initialized using 'CodeIgniter\Session\Handlers\FileHandler' driver.
INFO - 2021-10-25 03:20:44 --> Controller "App\Controllers\CttAdmin\Home" loaded.
INFO - 2021-10-25 03:20:44 --> Session: Class initialized using 'CodeIgniter\Session\Handlers\FileHandler' driver.
INFO - 2021-10-25 03:20:56 --> Controller "App\Controllers\CttAdmin\Home" loaded.
INFO - 2021-10-25 03:20:56 --> Session: Class initialized using 'CodeIgniter\Session\Handlers\FileHandler' driver.
INFO - 2021-10-25 03:25:58 --> Controller "App\Controllers\CttAdmin\Home" loaded.
INFO - 2021-10-25 03:25:58 --> Session: Class initialized using 'CodeIgniter\Session\Handlers\FileHandler' driver.
INFO - 2021-10-25 03:29:40 --> Controller "App\Controllers\CttAdmin\Home" loaded.
INFO - 2021-10-25 03:29:40 --> Session: Class initialized using 'CodeIgniter\Session\Handlers\FileHandler' driver.
INFO - 2021-10-25 05:20:07 --> Controller "App\Controllers\CttAdmin\Home" loaded.
INFO - 2021-10-25 05:20:07 --> Session: Class initialized using 'CodeIgniter\Session\Handlers\FileHandler' driver.
INFO - 2021-10-25 05:23:41 --> Controller "App\Controllers\CttAdmin\Home" loaded.
INFO - 2021-10-25 05:23:41 --> Session: Class initialized using 'CodeIgniter\Session\Handlers\FileHandler' driver.
INFO - 2021-10-25 05:24:03 --> Controller "App\Controllers\CttAdmin\Home" loaded.
INFO - 2021-10-25 05:24:03 --> Session: Class initialized using 'CodeIgniter\Session\Handlers\FileHandler' driver.
INFO - 2021-10-25 05:25:14 --> Controller "App\Controllers\CttAdmin\Home" loaded.
INFO - 2021-10-25 05:25:14 --> Session: Class initialized using 'CodeIgniter\Session\Handlers\FileHandler' driver.
INFO - 2021-10-25 05:25:33 --> Controller "App\Controllers\CttAdmin\Home" loaded.
INFO - 2021-10-25 05:25:33 --> Session: Class initialized using 'CodeIgniter\Session\Handlers\FileHandler' driver.
INFO - 2021-10-25 05:26:09 --> Controller "App\Controllers\CttAdmin\Home" loaded.
INFO - 2021-10-25 05:26:09 --> Session: Class initialized using 'CodeIgniter\Session\Handlers\FileHandler' driver.
INFO - 2021-10-25 05:26:14 --> Controller "App\Controllers\CttAdmin\Home" loaded.
INFO - 2021-10-25 05:26:14 --> Session: Class initialized using 'CodeIgniter\Session\Handlers\FileHandler' driver.
INFO - 2021-10-25 05:26:26 --> Controller "App\Controllers\CttAdmin\Home" loaded.
INFO - 2021-10-25 05:26:26 --> Session: Class initialized using 'CodeIgniter\Session\Handlers\FileHandler' driver.
INFO - 2021-10-25 06:06:01 --> Controller "App\Controllers\CttAdmin\Home" loaded.
INFO - 2021-10-25 06:06:01 --> Session: Class initialized using 'CodeIgniter\Session\Handlers\FileHandler' driver.
INFO - 2021-10-25 06:14:18 --> Controller "App\Controllers\CttAdmin\Home" loaded.
INFO - 2021-10-25 06:14:18 --> Session: Class initialized using 'CodeIgniter\Session\Handlers\FileHandler' driver.
INFO - 2021-10-25 06:14:25 --> Controller "App\Controllers\CttAdmin\Home" loaded.
INFO - 2021-10-25 06:14:25 --> Session: Class initialized using 'CodeIgniter\Session\Handlers\FileHandler' driver.
INFO - 2021-10-25 06:14:27 --> Controller "App\Controllers\CttAdmin\Home" loaded.
INFO - 2021-10-25 06:14:27 --> Session: Class initialized using 'CodeIgniter\Session\Handlers\FileHandler' driver.
INFO - 2021-10-25 06:14:39 --> Controller "App\Controllers\CttAdmin\Home" loaded.
INFO - 2021-10-25 06:14:39 --> Session: Class initialized using 'CodeIgniter\Session\Handlers\FileHandler' driver.
INFO - 2021-10-25 06:14:39 --> Controller "App\Controllers\CttAdmin\Home" loaded.
INFO - 2021-10-25 06:14:39 --> Session: Class initialized using 'CodeIgniter\Session\Handlers\FileHandler' driver.
INFO - 2021-10-25 06:14:47 --> Controller "App\Controllers\CttAdmin\Home" loaded.
INFO - 2021-10-25 06:14:47 --> Session: Class initialized using 'CodeIgniter\Session\Handlers\FileHandler' driver.
INFO - 2021-10-25 06:14:50 --> Controller "App\Controllers\CttAdmin\Home" loaded.
INFO - 2021-10-25 06:14:50 --> Session: Class initialized using 'CodeIgniter\Session\Handlers\FileHandler' driver.
INFO - 2021-10-25 06:14:52 --> Controller "App\Controllers\CttAdmin\Home" loaded.
INFO - 2021-10-25 06:14:52 --> Session: Class initialized using 'CodeIgniter\Session\Handlers\FileHandler' driver.
INFO - 2021-10-25 06:14:53 --> Controller "App\Controllers\CttAdmin\Home" loaded.
INFO - 2021-10-25 06:14:53 --> Session: Class initialized using 'CodeIgniter\Session\Handlers\FileHandler' driver.
INFO - 2021-10-25 06:22:44 --> Controller "App\Controllers\CttAdmin\Home" loaded.
INFO - 2021-10-25 06:22:44 --> Session: Class initialized using 'CodeIgniter\Session\Handlers\FileHandler' driver.
INFO - 2021-10-25 06:22:46 --> Controller "App\Controllers\CttAdmin\Home" loaded.
INFO - 2021-10-25 06:22:46 --> Session: Class initialized using 'CodeIgniter\Session\Handlers\FileHandler' driver.
INFO - 2021-10-25 06:22:47 --> Controller "App\Controllers\CttAdmin\Home" loaded.
INFO - 2021-10-25 06:22:47 --> Session: Class initialized using 'CodeIgniter\Session\Handlers\FileHandler' driver.
INFO - 2021-10-25 06:22:48 --> Controller "App\Controllers\CttAdmin\Home" loaded.
INFO - 2021-10-25 06:22:48 --> Session: Class initialized using 'CodeIgniter\Session\Handlers\FileHandler' driver.
INFO - 2021-10-25 06:22:48 --> Controller "App\Controllers\CttAdmin\Home" loaded.
INFO - 2021-10-25 06:22:48 --> Session: Class initialized using 'CodeIgniter\Session\Handlers\FileHandler' driver.
INFO - 2021-10-25 06:22:48 --> Controller "App\Controllers\CttAdmin\Home" loaded.
INFO - 2021-10-25 06:22:48 --> Session: Class initialized using 'CodeIgniter\Session\Handlers\FileHandler' driver.
INFO - 2021-10-25 06:23:07 --> Controller "App\Controllers\CttAdmin\Home" loaded.
INFO - 2021-10-25 06:23:07 --> Session: Class initialized using 'CodeIgniter\Session\Handlers\FileHandler' driver.
INFO - 2021-10-25 06:23:08 --> Controller "App\Controllers\CttAdmin\Home" loaded.
INFO - 2021-10-25 06:23:08 --> Session: Class initialized using 'CodeIgniter\Session\Handlers\FileHandler' driver.
INFO - 2021-10-25 06:23:10 --> Controller "App\Controllers\CttAdmin\Home" loaded.
INFO - 2021-10-25 06:23:10 --> Session: Class initialized using 'CodeIgniter\Session\Handlers\FileHandler' driver.
INFO - 2021-10-25 06:23:12 --> Controller "App\Controllers\CttAdmin\Home" loaded.
INFO - 2021-10-25 06:23:12 --> Session: Class initialized using 'CodeIgniter\Session\Handlers\FileHandler' driver.
INFO - 2021-10-25 06:23:13 --> Controller "App\Controllers\CttAdmin\Home" loaded.
INFO - 2021-10-25 06:23:13 --> Session: Class initialized using 'CodeIgniter\Session\Handlers\FileHandler' driver.
INFO - 2021-10-25 06:23:16 --> Controller "App\Controllers\CttAdmin\Home" loaded.
INFO - 2021-10-25 06:23:16 --> Session: Class initialized using 'CodeIgniter\Session\Handlers\FileHandler' driver.
INFO - 2021-10-25 06:23:25 --> Controller "App\Controllers\CttAdmin\Home" loaded.
INFO - 2021-10-25 06:23:25 --> Session: Class initialized using 'CodeIgniter\Session\Handlers\FileHandler' driver.
INFO - 2021-10-25 06:23:29 --> Controller "App\Controllers\CttAdmin\Home" loaded.
INFO - 2021-10-25 06:23:29 --> Session: Class initialized using 'CodeIgniter\Session\Handlers\FileHandler' driver.
INFO - 2021-10-25 06:24:26 --> Controller "App\Controllers\CttAdmin\Home" loaded.
INFO - 2021-10-25 06:24:26 --> Session: Class initialized using 'CodeIgniter\Session\Handlers\FileHandler' driver.
INFO - 2021-10-25 06:24:27 --> Controller "App\Controllers\CttAdmin\Home" loaded.
INFO - 2021-10-25 06:24:27 --> Session: Class initialized using 'CodeIgniter\Session\Handlers\FileHandler' driver.
INFO - 2021-10-25 06:24:27 --> Controller "App\Controllers\CttAdmin\Home" loaded.
INFO - 2021-10-25 06:24:27 --> Session: Class initialized using 'CodeIgniter\Session\Handlers\FileHandler' driver.
INFO - 2021-10-25 06:24:28 --> Controller "App\Controllers\CttAdmin\Home" loaded.
INFO - 2021-10-25 06:24:28 --> Session: Class initialized using 'CodeIgniter\Session\Handlers\FileHandler' driver.
INFO - 2021-10-25 06:24:28 --> Controller "App\Controllers\CttAdmin\Home" loaded.
INFO - 2021-10-25 06:24:28 --> Session: Class initialized using 'CodeIgniter\Session\Handlers\FileHandler' driver.
INFO - 2021-10-25 06:29:33 --> Controller "App\Controllers\CttAdmin\Home" loaded.
INFO - 2021-10-25 06:29:33 --> Session: Class initialized using 'CodeIgniter\Session\Handlers\FileHandler' driver.
INFO - 2021-10-25 06:29:33 --> Controller "App\Controllers\CttAdmin\Home" loaded.
INFO - 2021-10-25 06:29:33 --> Session: Class initialized using 'CodeIgniter\Session\Handlers\FileHandler' driver.
INFO - 2021-10-25 06:29:37 --> Controller "App\Controllers\CttAdmin\Home" loaded.
INFO - 2021-10-25 06:29:37 --> Session: Class initialized using 'CodeIgniter\Session\Handlers\FileHandler' driver.
INFO - 2021-10-25 06:30:01 --> Controller "App\Controllers\CttAdmin\Home" loaded.
INFO - 2021-10-25 06:30:01 --> Session: Class initialized using 'CodeIgniter\Session\Handlers\FileHandler' driver.
INFO - 2021-10-25 06:30:02 --> Controller "App\Controllers\CttAdmin\Home" loaded.
INFO - 2021-10-25 06:30:02 --> Session: Class initialized using 'CodeIgniter\Session\Handlers\FileHandler' driver.
INFO - 2021-10-25 06:30:29 --> Controller "App\Controllers\CttAdmin\Home" loaded.
INFO - 2021-10-25 06:30:29 --> Session: Class initialized using 'CodeIgniter\Session\Handlers\FileHandler' driver.
INFO - 2021-10-25 06:30:30 --> Controller "App\Controllers\CttAdmin\Home" loaded.
INFO - 2021-10-25 06:30:30 --> Session: Class initialized using 'CodeIgniter\Session\Handlers\FileHandler' driver.
INFO - 2021-10-25 06:30:31 --> Controller "App\Controllers\CttAdmin\Home" loaded.
INFO - 2021-10-25 06:30:31 --> Session: Class initialized using 'CodeIgniter\Session\Handlers\FileHandler' driver.
INFO - 2021-10-25 06:30:31 --> Controller "App\Controllers\CttAdmin\Home" loaded.
INFO - 2021-10-25 06:30:31 --> Session: Class initialized using 'CodeIgniter\Session\Handlers\FileHandler' driver.
INFO - 2021-10-25 06:30:32 --> Controller "App\Controllers\CttAdmin\Home" loaded.
INFO - 2021-10-25 06:30:32 --> Session: Class initialized using 'CodeIgniter\Session\Handlers\FileHandler' driver.
INFO - 2021-10-25 06:30:33 --> Controller "App\Controllers\CttAdmin\Home" loaded.
INFO - 2021-10-25 06:30:33 --> Session: Class initialized using 'CodeIgniter\Session\Handlers\FileHandler' driver.
INFO - 2021-10-25 06:30:34 --> Controller "App\Controllers\CttAdmin\Home" loaded.
INFO - 2021-10-25 06:30:34 --> Session: Class initialized using 'CodeIgniter\Session\Handlers\FileHandler' driver.
INFO - 2021-10-25 06:30:34 --> Controller "App\Controllers\CttAdmin\Home" loaded.
INFO - 2021-10-25 06:30:34 --> Session: Class initialized using 'CodeIgniter\Session\Handlers\FileHandler' driver.
INFO - 2021-10-25 06:30:35 --> Controller "App\Controllers\CttAdmin\Home" loaded.
INFO - 2021-10-25 06:30:35 --> Session: Class initialized using 'CodeIgniter\Session\Handlers\FileHandler' driver.
INFO - 2021-10-25 06:30:36 --> Controller "App\Controllers\CttAdmin\Home" loaded.
INFO - 2021-10-25 06:30:36 --> Session: Class initialized using 'CodeIgniter\Session\Handlers\FileHandler' driver.
INFO - 2021-10-25 06:30:36 --> Controller "App\Controllers\CttAdmin\Home" loaded.
INFO - 2021-10-25 06:30:36 --> Session: Class initialized using 'CodeIgniter\Session\Handlers\FileHandler' driver.
INFO - 2021-10-25 06:30:37 --> Controller "App\Controllers\CttAdmin\Home" loaded.
INFO - 2021-10-25 06:30:37 --> Session: Class initialized using 'CodeIgniter\Session\Handlers\FileHandler' driver.
INFO - 2021-10-25 06:30:45 --> Controller "App\Controllers\CttAdmin\Home" loaded.
INFO - 2021-10-25 06:30:45 --> Session: Class initialized using 'CodeIgniter\Session\Handlers\FileHandler' driver.
INFO - 2021-10-25 06:30:46 --> Controller "App\Controllers\CttAdmin\Home" loaded.
INFO - 2021-10-25 06:30:46 --> Session: Class initialized using 'CodeIgniter\Session\Handlers\FileHandler' driver.
INFO - 2021-10-25 06:30:50 --> Controller "App\Controllers\CttAdmin\Home" loaded.
INFO - 2021-10-25 06:30:50 --> Session: Class initialized using 'CodeIgniter\Session\Handlers\FileHandler' driver.
INFO - 2021-10-25 06:31:12 --> Controller "App\Controllers\CttAdmin\Home" loaded.
INFO - 2021-10-25 06:31:12 --> Session: Class initialized using 'CodeIgniter\Session\Handlers\FileHandler' driver.
INFO - 2021-10-25 06:34:37 --> Controller "App\Controllers\CttAdmin\Home" loaded.
INFO - 2021-10-25 06:34:37 --> Session: Class initialized using 'CodeIgniter\Session\Handlers\FileHandler' driver.
INFO - 2021-10-25 06:34:51 --> Controller "App\Controllers\CttAdmin\Home" loaded.
INFO - 2021-10-25 06:34:51 --> Session: Class initialized using 'CodeIgniter\Session\Handlers\FileHandler' driver.
INFO - 2021-10-25 06:35:37 --> Controller "App\Controllers\CttAdmin\Home" loaded.
INFO - 2021-10-25 06:35:37 --> Session: Class initialized using 'CodeIgniter\Session\Handlers\FileHandler' driver.
INFO - 2021-10-25 06:36:37 --> Controller "App\Controllers\CttAdmin\Home" loaded.
INFO - 2021-10-25 06:36:37 --> Session: Class initialized using 'CodeIgniter\Session\Handlers\FileHandler' driver.
INFO - 2021-10-25 06:36:40 --> Controller "App\Controllers\CttAdmin\Home" loaded.
INFO - 2021-10-25 06:36:41 --> Session: Class initialized using 'CodeIgniter\Session\Handlers\FileHandler' driver.
INFO - 2021-10-25 06:36:41 --> Controller "App\Controllers\CttAdmin\Home" loaded.
INFO - 2021-10-25 06:36:41 --> Session: Class initialized using 'CodeIgniter\Session\Handlers\FileHandler' driver.
INFO - 2021-10-25 06:36:42 --> Controller "App\Controllers\CttAdmin\Home" loaded.
INFO - 2021-10-25 06:36:42 --> Session: Class initialized using 'CodeIgniter\Session\Handlers\FileHandler' driver.
INFO - 2021-10-25 06:36:42 --> Controller "App\Controllers\CttAdmin\Home" loaded.
INFO - 2021-10-25 06:36:42 --> Session: Class initialized using 'CodeIgniter\Session\Handlers\FileHandler' driver.
INFO - 2021-10-25 06:36:43 --> Controller "App\Controllers\CttAdmin\Home" loaded.
INFO - 2021-10-25 06:36:43 --> Session: Class initialized using 'CodeIgniter\Session\Handlers\FileHandler' driver.
INFO - 2021-10-25 06:36:43 --> Controller "App\Controllers\CttAdmin\Home" loaded.
INFO - 2021-10-25 06:36:43 --> Session: Class initialized using 'CodeIgniter\Session\Handlers\FileHandler' driver.
INFO - 2021-10-25 06:36:48 --> Controller "App\Controllers\CttAdmin\Home" loaded.
INFO - 2021-10-25 06:36:48 --> Session: Class initialized using 'CodeIgniter\Session\Handlers\FileHandler' driver.
INFO - 2021-10-25 06:36:48 --> Controller "App\Controllers\CttAdmin\Home" loaded.
INFO - 2021-10-25 06:36:48 --> Session: Class initialized using 'CodeIgniter\Session\Handlers\FileHandler' driver.
INFO - 2021-10-25 06:36:50 --> Controller "App\Controllers\CttAdmin\Home" loaded.
INFO - 2021-10-25 06:36:50 --> Session: Class initialized using 'CodeIgniter\Session\Handlers\FileHandler' driver.
INFO - 2021-10-25 06:36:55 --> Controller "App\Controllers\CttAdmin\Home" loaded.
INFO - 2021-10-25 06:36:55 --> Session: Class initialized using 'CodeIgniter\Session\Handlers\FileHandler' driver.
INFO - 2021-10-25 06:37:03 --> Controller "App\Controllers\CttAdmin\Home" loaded.
INFO - 2021-10-25 06:37:03 --> Session: Class initialized using 'CodeIgniter\Session\Handlers\FileHandler' driver.
INFO - 2021-10-25 06:37:03 --> Controller "App\Controllers\CttAdmin\Home" loaded.
INFO - 2021-10-25 06:37:03 --> Session: Class initialized using 'CodeIgniter\Session\Handlers\FileHandler' driver.
INFO - 2021-10-25 06:37:06 --> Controller "App\Controllers\CttAdmin\Home" loaded.
INFO - 2021-10-25 06:37:06 --> Session: Class initialized using 'CodeIgniter\Session\Handlers\FileHandler' driver.
INFO - 2021-10-25 06:37:08 --> Controller "App\Controllers\CttAdmin\Home" loaded.
INFO - 2021-10-25 06:37:08 --> Session: Class initialized using 'CodeIgniter\Session\Handlers\FileHandler' driver.
INFO - 2021-10-25 06:37:08 --> Controller "App\Controllers\CttAdmin\Home" loaded.
INFO - 2021-10-25 06:37:08 --> Session: Class initialized using 'CodeIgniter\Session\Handlers\FileHandler' driver.
INFO - 2021-10-25 06:40:52 --> Controller "App\Controllers\CttAdmin\Home" loaded.
INFO - 2021-10-25 06:40:52 --> Session: Class initialized using 'CodeIgniter\Session\Handlers\FileHandler' driver.
INFO - 2021-10-25 06:40:55 --> Controller "App\Controllers\CttAdmin\Home" loaded.
INFO - 2021-10-25 06:40:55 --> Session: Class initialized using 'CodeIgniter\Session\Handlers\FileHandler' driver.
INFO - 2021-10-25 06:40:55 --> Controller "App\Controllers\CttAdmin\Home" loaded.
INFO - 2021-10-25 06:40:55 --> Session: Class initialized using 'CodeIgniter\Session\Handlers\FileHandler' driver.
INFO - 2021-10-25 06:40:56 --> Controller "App\Controllers\CttAdmin\Home" loaded.
INFO - 2021-10-25 06:40:56 --> Session: Class initialized using 'CodeIgniter\Session\Handlers\FileHandler' driver.
INFO - 2021-10-25 06:40:57 --> Controller "App\Controllers\CttAdmin\Home" loaded.
INFO - 2021-10-25 06:40:57 --> Session: Class initialized using 'CodeIgniter\Session\Handlers\FileHandler' driver.
INFO - 2021-10-25 06:40:57 --> Controller "App\Controllers\CttAdmin\Home" loaded.
INFO - 2021-10-25 06:40:57 --> Session: Class initialized using 'CodeIgniter\Session\Handlers\FileHandler' driver.
INFO - 2021-10-25 06:40:57 --> Controller "App\Controllers\CttAdmin\Home" loaded.
INFO - 2021-10-25 06:40:57 --> Session: Class initialized using 'CodeIgniter\Session\Handlers\FileHandler' driver.
INFO - 2021-10-25 06:40:57 --> Controller "App\Controllers\CttAdmin\Home" loaded.
INFO - 2021-10-25 06:40:57 --> Session: Class initialized using 'CodeIgniter\Session\Handlers\FileHandler' driver.
INFO - 2021-10-25 06:43:04 --> Controller "App\Controllers\CttAdmin\Home" loaded.
INFO - 2021-10-25 06:43:04 --> Session: Class initialized using 'CodeIgniter\Session\Handlers\FileHandler' driver.
INFO - 2021-10-25 06:43:05 --> Controller "App\Controllers\CttAdmin\Home" loaded.
INFO - 2021-10-25 06:43:05 --> Session: Class initialized using 'CodeIgniter\Session\Handlers\FileHandler' driver.
INFO - 2021-10-25 06:43:06 --> Controller "App\Controllers\CttAdmin\Home" loaded.
INFO - 2021-10-25 06:43:06 --> Session: Class initialized using 'CodeIgniter\Session\Handlers\FileHandler' driver.
INFO - 2021-10-25 06:43:07 --> Controller "App\Controllers\CttAdmin\Home" loaded.
INFO - 2021-10-25 06:43:07 --> Session: Class initialized using 'CodeIgniter\Session\Handlers\FileHandler' driver.
INFO - 2021-10-25 06:43:12 --> Controller "App\Controllers\CttAdmin\Home" loaded.
INFO - 2021-10-25 06:43:14 --> Session: Class initialized using 'CodeIgniter\Session\Handlers\FileHandler' driver.
INFO - 2021-10-25 06:43:19 --> Controller "App\Controllers\CttAdmin\Home" loaded.
INFO - 2021-10-25 06:43:19 --> Session: Class initialized using 'CodeIgniter\Session\Handlers\FileHandler' driver.
INFO - 2021-10-25 06:43:19 --> Controller "App\Controllers\CttAdmin\Home" loaded.
INFO - 2021-10-25 06:43:19 --> Session: Class initialized using 'CodeIgniter\Session\Handlers\FileHandler' driver.
INFO - 2021-10-25 06:43:28 --> Controller "App\Controllers\CttAdmin\Home" loaded.
INFO - 2021-10-25 06:43:28 --> Session: Class initialized using 'CodeIgniter\Session\Handlers\FileHandler' driver.
INFO - 2021-10-25 06:43:30 --> Controller "App\Controllers\CttAdmin\Home" loaded.
INFO - 2021-10-25 06:43:30 --> Session: Class initialized using 'CodeIgniter\Session\Handlers\FileHandler' driver.
INFO - 2021-10-25 06:43:32 --> Controller "App\Controllers\CttAdmin\Home" loaded.
INFO - 2021-10-25 06:43:32 --> Session: Class initialized using 'CodeIgniter\Session\Handlers\FileHandler' driver.
INFO - 2021-10-25 06:43:33 --> Controller "App\Controllers\CttAdmin\Home" loaded.
INFO - 2021-10-25 06:43:33 --> Session: Class initialized using 'CodeIgniter\Session\Handlers\FileHandler' driver.
INFO - 2021-10-25 06:43:34 --> Controller "App\Controllers\CttAdmin\Home" loaded.
INFO - 2021-10-25 06:43:34 --> Session: Class initialized using 'CodeIgniter\Session\Handlers\FileHandler' driver.
INFO - 2021-10-25 06:43:34 --> Controller "App\Controllers\CttAdmin\Home" loaded.
INFO - 2021-10-25 06:43:34 --> Session: Class initialized using 'CodeIgniter\Session\Handlers\FileHandler' driver.
INFO - 2021-10-25 06:43:35 --> Controller "App\Controllers\CttAdmin\Home" loaded.
INFO - 2021-10-25 06:43:35 --> Session: Class initialized using 'CodeIgniter\Session\Handlers\FileHandler' driver.
INFO - 2021-10-25 06:43:35 --> Controller "App\Controllers\CttAdmin\Home" loaded.
INFO - 2021-10-25 06:43:35 --> Session: Class initialized using 'CodeIgniter\Session\Handlers\FileHandler' driver.
INFO - 2021-10-25 06:43:35 --> Controller "App\Controllers\CttAdmin\Home" loaded.
INFO - 2021-10-25 06:43:35 --> Session: Class initialized using 'CodeIgniter\Session\Handlers\FileHandler' driver.
INFO - 2021-10-25 06:43:35 --> Controller "App\Controllers\CttAdmin\Home" loaded.
INFO - 2021-10-25 06:43:35 --> Session: Class initialized using 'CodeIgniter\Session\Handlers\FileHandler' driver.
INFO - 2021-10-25 06:43:36 --> Controller "App\Controllers\CttAdmin\Home" loaded.
INFO - 2021-10-25 06:43:36 --> Session: Class initialized using 'CodeIgniter\Session\Handlers\FileHandler' driver.
INFO - 2021-10-25 06:43:36 --> Controller "App\Controllers\CttAdmin\Home" loaded.
INFO - 2021-10-25 06:43:36 --> Session: Class initialized using 'CodeIgniter\Session\Handlers\FileHandler' driver.
INFO - 2021-10-25 06:43:36 --> Controller "App\Controllers\CttAdmin\Home" loaded.
INFO - 2021-10-25 06:43:36 --> Session: Class initialized using 'CodeIgniter\Session\Handlers\FileHandler' driver.
INFO - 2021-10-25 06:43:37 --> Controller "App\Controllers\CttAdmin\Home" loaded.
INFO - 2021-10-25 06:43:37 --> Session: Class initialized using 'CodeIgniter\Session\Handlers\FileHandler' driver.
INFO - 2021-10-25 06:43:37 --> Controller "App\Controllers\CttAdmin\Home" loaded.
INFO - 2021-10-25 06:43:37 --> Session: Class initialized using 'CodeIgniter\Session\Handlers\FileHandler' driver.
INFO - 2021-10-25 06:43:37 --> Controller "App\Controllers\CttAdmin\Home" loaded.
INFO - 2021-10-25 06:43:37 --> Session: Class initialized using 'CodeIgniter\Session\Handlers\FileHandler' driver.
INFO - 2021-10-25 06:43:38 --> Controller "App\Controllers\CttAdmin\Home" loaded.
INFO - 2021-10-25 06:43:38 --> Session: Class initialized using 'CodeIgniter\Session\Handlers\FileHandler' driver.
INFO - 2021-10-25 06:44:20 --> Controller "App\Controllers\CttAdmin\Home" loaded.
INFO - 2021-10-25 06:44:20 --> Session: Class initialized using 'CodeIgniter\Session\Handlers\FileHandler' driver.
INFO - 2021-10-25 06:44:23 --> Controller "App\Controllers\CttAdmin\Home" loaded.
INFO - 2021-10-25 06:44:23 --> Session: Class initialized using 'CodeIgniter\Session\Handlers\FileHandler' driver.
INFO - 2021-10-25 06:44:32 --> Controller "App\Controllers\CttAdmin\Home" loaded.
INFO - 2021-10-25 06:44:32 --> Session: Class initialized using 'CodeIgniter\Session\Handlers\FileHandler' driver.
INFO - 2021-10-25 06:46:06 --> Controller "App\Controllers\CttAdmin\Home" loaded.
INFO - 2021-10-25 06:46:06 --> Session: Class initialized using 'CodeIgniter\Session\Handlers\FileHandler' driver.
INFO - 2021-10-25 06:46:08 --> Controller "App\Controllers\CttAdmin\Home" loaded.
INFO - 2021-10-25 06:46:08 --> Session: Class initialized using 'CodeIgniter\Session\Handlers\FileHandler' driver.
INFO - 2021-10-25 06:46:09 --> Controller "App\Controllers\CttAdmin\Home" loaded.
INFO - 2021-10-25 06:46:09 --> Session: Class initialized using 'CodeIgniter\Session\Handlers\FileHandler' driver.
INFO - 2021-10-25 06:46:09 --> Controller "App\Controllers\CttAdmin\Home" loaded.
INFO - 2021-10-25 06:46:09 --> Session: Class initialized using 'CodeIgniter\Session\Handlers\FileHandler' driver.
INFO - 2021-10-25 06:46:11 --> Controller "App\Controllers\CttAdmin\Home" loaded.
INFO - 2021-10-25 06:46:11 --> Session: Class initialized using 'CodeIgniter\Session\Handlers\FileHandler' driver.
INFO - 2021-10-25 06:47:56 --> Controller "App\Controllers\CttAdmin\Home" loaded.
INFO - 2021-10-25 06:47:56 --> Session: Class initialized using 'CodeIgniter\Session\Handlers\FileHandler' driver.
INFO - 2021-10-25 06:47:56 --> Controller "App\Controllers\CttAdmin\Home" loaded.
INFO - 2021-10-25 06:47:56 --> Session: Class initialized using 'CodeIgniter\Session\Handlers\FileHandler' driver.
INFO - 2021-10-25 06:47:58 --> Controller "App\Controllers\CttAdmin\Home" loaded.
INFO - 2021-10-25 06:47:58 --> Session: Class initialized using 'CodeIgniter\Session\Handlers\FileHandler' driver.
INFO - 2021-10-25 06:48:00 --> Controller "App\Controllers\CttAdmin\Home" loaded.
INFO - 2021-10-25 06:48:00 --> Session: Class initialized using 'CodeIgniter\Session\Handlers\FileHandler' driver.
INFO - 2021-10-25 06:48:02 --> Controller "App\Controllers\CttAdmin\Home" loaded.
INFO - 2021-10-25 06:48:02 --> Session: Class initialized using 'CodeIgniter\Session\Handlers\FileHandler' driver.
INFO - 2021-10-25 06:48:02 --> Controller "App\Controllers\CttAdmin\Home" loaded.
INFO - 2021-10-25 06:48:02 --> Session: Class initialized using 'CodeIgniter\Session\Handlers\FileHandler' driver.
INFO - 2021-10-25 06:48:04 --> Controller "App\Controllers\CttAdmin\Home" loaded.
INFO - 2021-10-25 06:48:04 --> Session: Class initialized using 'CodeIgniter\Session\Handlers\FileHandler' driver.
INFO - 2021-10-25 06:48:06 --> Controller "App\Controllers\CttAdmin\Home" loaded.
INFO - 2021-10-25 06:48:06 --> Session: Class initialized using 'CodeIgniter\Session\Handlers\FileHandler' driver.
INFO - 2021-10-25 06:54:34 --> Controller "App\Controllers\CttAdmin\Home" loaded.
INFO - 2021-10-25 06:54:35 --> Session: Class initialized using 'CodeIgniter\Session\Handlers\FileHandler' driver.
INFO - 2021-10-25 06:56:56 --> Controller "App\Controllers\CttAdmin\Home" loaded.
INFO - 2021-10-25 06:56:56 --> Session: Class initialized using 'CodeIgniter\Session\Handlers\FileHandler' driver.
INFO - 2021-10-25 06:58:42 --> Controller "App\Controllers\CttAdmin\Home" loaded.
INFO - 2021-10-25 06:58:42 --> Session: Class initialized using 'CodeIgniter\Session\Handlers\FileHandler' driver.
INFO - 2021-10-25 06:58:44 --> Controller "App\Controllers\CttAdmin\Home" loaded.
INFO - 2021-10-25 06:58:44 --> Session: Class initialized using 'CodeIgniter\Session\Handlers\FileHandler' driver.
INFO - 2021-10-25 06:58:46 --> Controller "App\Controllers\CttAdmin\Home" loaded.
INFO - 2021-10-25 06:58:46 --> Session: Class initialized using 'CodeIgniter\Session\Handlers\FileHandler' driver.
INFO - 2021-10-25 06:58:46 --> Controller "App\Controllers\CttAdmin\Home" loaded.
INFO - 2021-10-25 06:58:46 --> Session: Class initialized using 'CodeIgniter\Session\Handlers\FileHandler' driver.
INFO - 2021-10-25 06:58:49 --> Controller "App\Controllers\CttAdmin\Home" loaded.
INFO - 2021-10-25 06:58:49 --> Session: Class initialized using 'CodeIgniter\Session\Handlers\FileHandler' driver.
INFO - 2021-10-25 06:58:52 --> Controller "App\Controllers\CttAdmin\Home" loaded.
INFO - 2021-10-25 06:58:52 --> Session: Class initialized using 'CodeIgniter\Session\Handlers\FileHandler' driver.
INFO - 2021-10-25 06:59:25 --> Controller "App\Controllers\CttAdmin\Home" loaded.
INFO - 2021-10-25 06:59:25 --> Session: Class initialized using 'CodeIgniter\Session\Handlers\FileHandler' driver.
INFO - 2021-10-25 07:11:47 --> Controller "App\Controllers\CttAdmin\Home" loaded.
INFO - 2021-10-25 07:11:47 --> Session: Class initialized using 'CodeIgniter\Session\Handlers\FileHandler' driver.
INFO - 2021-10-25 07:13:29 --> Controller "App\Controllers\CttAdmin\Home" loaded.
INFO - 2021-10-25 07:13:29 --> Session: Class initialized using 'CodeIgniter\Session\Handlers\FileHandler' driver.
INFO - 2021-10-25 07:24:45 --> Controller "App\Controllers\CttAdmin\Home" loaded.
INFO - 2021-10-25 07:24:45 --> Session: Class initialized using 'CodeIgniter\Session\Handlers\FileHandler' driver.
INFO - 2021-10-25 07:24:52 --> Controller "App\Controllers\CttAdmin\Home" loaded.
INFO - 2021-10-25 07:24:52 --> Session: Class initialized using 'CodeIgniter\Session\Handlers\FileHandler' driver.
INFO - 2021-10-25 07:24:53 --> Controller "App\Controllers\CttAdmin\Home" loaded.
INFO - 2021-10-25 07:24:53 --> Session: Class initialized using 'CodeIgniter\Session\Handlers\FileHandler' driver.
INFO - 2021-10-25 07:34:11 --> Controller "App\Controllers\CttAdmin\Home" loaded.
INFO - 2021-10-25 07:34:11 --> Session: Class initialized using 'CodeIgniter\Session\Handlers\FileHandler' driver.
INFO - 2021-10-25 07:34:15 --> Controller "App\Controllers\CttAdmin\Home" loaded.
INFO - 2021-10-25 07:34:15 --> Session: Class initialized using 'CodeIgniter\Session\Handlers\FileHandler' driver.
INFO - 2021-10-25 07:38:48 --> Controller "App\Controllers\CttAdmin\Home" loaded.
INFO - 2021-10-25 07:38:48 --> Session: Class initialized using 'CodeIgniter\Session\Handlers\FileHandler' driver.
INFO - 2021-10-25 07:38:59 --> Controller "App\Controllers\CttAdmin\Home" loaded.
INFO - 2021-10-25 07:38:59 --> Session: Class initialized using 'CodeIgniter\Session\Handlers\FileHandler' driver.
INFO - 2021-10-25 07:40:18 --> Controller "App\Controllers\CttAdmin\Home" loaded.
INFO - 2021-10-25 07:40:18 --> Session: Class initialized using 'CodeIgniter\Session\Handlers\FileHandler' driver.
INFO - 2021-10-25 07:40:19 --> Controller "App\Controllers\CttAdmin\Home" loaded.
INFO - 2021-10-25 07:40:19 --> Session: Class initialized using 'CodeIgniter\Session\Handlers\FileHandler' driver.
INFO - 2021-10-25 08:56:50 --> Controller "App\Controllers\CttAdmin\Home" loaded.
INFO - 2021-10-25 08:56:50 --> Session: Class initialized using 'CodeIgniter\Session\Handlers\FileHandler' driver.
INFO - 2021-10-25 08:57:03 --> Controller "App\Controllers\CttAdmin\Home" loaded.
INFO - 2021-10-25 08:57:03 --> Session: Class initialized using 'CodeIgniter\Session\Handlers\FileHandler' driver.
INFO - 2021-10-25 08:57:04 --> Controller "App\Controllers\CttAdmin\Home" loaded.
INFO - 2021-10-25 08:57:04 --> Session: Class initialized using 'CodeIgniter\Session\Handlers\FileHandler' driver.
INFO - 2021-10-25 08:57:19 --> Controller "App\Controllers\CttAdmin\Parameter" loaded.
INFO - 2021-10-25 08:57:19 --> Session: Class initialized using 'CodeIgniter\Session\Handlers\FileHandler' driver.
INFO - 2021-10-25 08:57:31 --> Controller "App\Controllers\CttAdmin\Parameter" loaded.
INFO - 2021-10-25 08:57:31 --> Session: Class initialized using 'CodeIgniter\Session\Handlers\FileHandler' driver.
INFO - 2021-10-25 08:57:34 --> Controller "App\Controllers\CttAdmin\Setting" loaded.
INFO - 2021-10-25 08:57:34 --> Session: Class initialized using 'CodeIgniter\Session\Handlers\FileHandler' driver.
INFO - 2021-10-25 08:57:38 --> Controller "App\Controllers\CttAdmin\Setting" loaded.
INFO - 2021-10-25 08:57:38 --> Session: Class initialized using 'CodeIgniter\Session\Handlers\FileHandler' driver.
INFO - 2021-10-25 08:57:50 --> Controller "App\Controllers\CttAdmin\Setting" loaded.
INFO - 2021-10-25 08:57:50 --> Session: Class initialized using 'CodeIgniter\Session\Handlers\FileHandler' driver.
INFO - 2021-10-25 08:57:50 --> Controller "App\Controllers\CttAdmin\Setting" loaded.
INFO - 2021-10-25 08:57:50 --> Session: Class initialized using 'CodeIgniter\Session\Handlers\FileHandler' driver.
INFO - 2021-10-25 08:57:55 --> Controller "App\Controllers\CttAdmin\Parameter" loaded.
INFO - 2021-10-25 08:57:55 --> Session: Class initialized using 'CodeIgniter\Session\Handlers\FileHandler' driver.
INFO - 2021-10-25 08:58:00 --> Controller "App\Controllers\CttAdmin\Parameter" loaded.
INFO - 2021-10-25 08:58:00 --> Session: Class initialized using 'CodeIgniter\Session\Handlers\FileHandler' driver.
INFO - 2021-10-25 08:58:07 --> Controller "App\Controllers\CttAdmin\Parameter" loaded.
INFO - 2021-10-25 08:58:07 --> Session: Class initialized using 'CodeIgniter\Session\Handlers\FileHandler' driver.
INFO - 2021-10-25 08:58:12 --> Controller "App\Controllers\CttAdmin\Industry" loaded.
INFO - 2021-10-25 08:58:12 --> Session: Class initialized using 'CodeIgniter\Session\Handlers\FileHandler' driver.
CRITICAL - 2021-10-25 08:58:12 --> Table 'socius_contracktor.ctt_industry' doesn't exist
#0 G:\PleskVhosts\kamyagroups.com\contracktor\socius\system\Database\MySQLi\Connection.php(330): mysqli->query('SELECT *\nFROM `...')
#1 G:\PleskVhosts\kamyagroups.com\contracktor\socius\system\Database\BaseConnection.php(738): CodeIgniter\Database\MySQLi\Connection->execute('SELECT *\nFROM `...')
#2 G:\PleskVhosts\kamyagroups.com\contracktor\socius\system\Database\BaseConnection.php(666): CodeIgniter\Database\BaseConnection->simpleQuery('SELECT *\nFROM `...')
#3 G:\PleskVhosts\kamyagroups.com\contracktor\socius\system\Database\BaseBuilder.php(1819): CodeIgniter\Database\BaseConnection->query('SELECT *\nFROM `...', Array, false)
#4 G:\PleskVhosts\kamyagroups.com\contracktor\socius\app\Models\Admin.php(96): CodeIgniter\Database\BaseBuilder->get()
#5 G:\PleskVhosts\kamyagroups.com\contracktor\socius\app\Controllers\CttAdmin\Industry.php(26): App\Models\Admin->retrive_all_cond_data('*', 'ctt_industry', 'is_delete="0" A...', 'id', 'DESC')
#6 G:\PleskVhosts\kamyagroups.com\contracktor\socius\system\CodeIgniter.php(910): App\Controllers\CttAdmin\Industry->industrylisting()
#7 G:\PleskVhosts\kamyagroups.com\contracktor\socius\system\CodeIgniter.php(398): CodeIgniter\CodeIgniter->runController(Object(App\Controllers\CttAdmin\Industry))
#8 G:\PleskVhosts\kamyagroups.com\contracktor\socius\system\CodeIgniter.php(306): CodeIgniter\CodeIgniter->handleRequest(NULL, Object(Config\Cache), false)
#9 G:\PleskVhosts\kamyagroups.com\contracktor\socius\index.php(222): CodeIgniter\CodeIgniter->run()
#10 {main}
INFO - 2021-10-25 08:59:13 --> Controller "App\Controllers\CttAdmin\Parameter" loaded.
INFO - 2021-10-25 08:59:13 --> Session: Class initialized using 'CodeIgniter\Session\Handlers\FileHandler' driver.
INFO - 2021-10-25 08:59:17 --> Controller "App\Controllers\CttAdmin\Industry" loaded.
INFO - 2021-10-25 08:59:17 --> Session: Class initialized using 'CodeIgniter\Session\Handlers\FileHandler' driver.
CRITICAL - 2021-10-25 08:59:17 --> Table 'socius_contracktor.ctt_industry' doesn't exist
#0 G:\PleskVhosts\kamyagroups.com\contracktor\socius\system\Database\MySQLi\Connection.php(330): mysqli->query('SELECT *\nFROM `...')
#1 G:\PleskVhosts\kamyagroups.com\contracktor\socius\system\Database\BaseConnection.php(738): CodeIgniter\Database\MySQLi\Connection->execute('SELECT *\nFROM `...')
#2 G:\PleskVhosts\kamyagroups.com\contracktor\socius\system\Database\BaseConnection.php(666): CodeIgniter\Database\BaseConnection->simpleQuery('SELECT *\nFROM `...')
#3 G:\PleskVhosts\kamyagroups.com\contracktor\socius\system\Database\BaseBuilder.php(1819): CodeIgniter\Database\BaseConnection->query('SELECT *\nFROM `...', Array, false)
#4 G:\PleskVhosts\kamyagroups.com\contracktor\socius\app\Models\Admin.php(96): CodeIgniter\Database\BaseBuilder->get()
#5 G:\PleskVhosts\kamyagroups.com\contracktor\socius\app\Controllers\CttAdmin\Industry.php(26): App\Models\Admin->retrive_all_cond_data('*', 'ctt_industry', 'is_delete="0" A...', 'id', 'DESC')
#6 G:\PleskVhosts\kamyagroups.com\contracktor\socius\system\CodeIgniter.php(910): App\Controllers\CttAdmin\Industry->industrylisting()
#7 G:\PleskVhosts\kamyagroups.com\contracktor\socius\system\CodeIgniter.php(398): CodeIgniter\CodeIgniter->runController(Object(App\Controllers\CttAdmin\Industry))
#8 G:\PleskVhosts\kamyagroups.com\contracktor\socius\system\CodeIgniter.php(306): CodeIgniter\CodeIgniter->handleRequest(NULL, Object(Config\Cache), false)
#9 G:\PleskVhosts\kamyagroups.com\contracktor\socius\index.php(222): CodeIgniter\CodeIgniter->run()
#10 {main}
INFO - 2021-10-25 09:34:29 --> Controller "App\Controllers\CttAdmin\Parameter" loaded.
INFO - 2021-10-25 09:34:29 --> Session: Class initialized using 'CodeIgniter\Session\Handlers\FileHandler' driver.
INFO - 2021-10-25 09:34:30 --> Controller "App\Controllers\CttAdmin\Setting" loaded.
INFO - 2021-10-25 09:34:30 --> Session: Class initialized using 'CodeIgniter\Session\Handlers\FileHandler' driver.
INFO - 2021-10-25 09:34:39 --> Controller "App\Controllers\CttAdmin\Parameter" loaded.
INFO - 2021-10-25 09:34:39 --> Session: Class initialized using 'CodeIgniter\Session\Handlers\FileHandler' driver.
INFO - 2021-10-25 09:34:47 --> Controller "App\Controllers\CttAdmin\Setting" loaded.
INFO - 2021-10-25 09:34:47 --> Session: Class initialized using 'CodeIgniter\Session\Handlers\FileHandler' driver.
INFO - 2021-10-25 09:43:07 --> Controller "App\Controllers\CttAdmin\Industry" loaded.
INFO - 2021-10-25 09:43:07 --> Session: Class initialized using 'CodeIgniter\Session\Handlers\FileHandler' driver.
CRITICAL - 2021-10-25 09:43:07 --> Table 'socius_contracktor.ctt_industry' doesn't exist
#0 G:\PleskVhosts\kamyagroups.com\contracktor\socius\system\Database\MySQLi\Connection.php(330): mysqli->query('SELECT *\nFROM `...')
#1 G:\PleskVhosts\kamyagroups.com\contracktor\socius\system\Database\BaseConnection.php(738): CodeIgniter\Database\MySQLi\Connection->execute('SELECT *\nFROM `...')
#2 G:\PleskVhosts\kamyagroups.com\contracktor\socius\system\Database\BaseConnection.php(666): CodeIgniter\Database\BaseConnection->simpleQuery('SELECT *\nFROM `...')
#3 G:\PleskVhosts\kamyagroups.com\contracktor\socius\system\Database\BaseBuilder.php(1819): CodeIgniter\Database\BaseConnection->query('SELECT *\nFROM `...', Array, false)
#4 G:\PleskVhosts\kamyagroups.com\contracktor\socius\app\Models\Admin.php(96): CodeIgniter\Database\BaseBuilder->get()
#5 G:\PleskVhosts\kamyagroups.com\contracktor\socius\app\Controllers\CttAdmin\Industry.php(26): App\Models\Admin->retrive_all_cond_data('*', 'ctt_industry', 'is_delete="0" A...', 'id', 'DESC')
#6 G:\PleskVhosts\kamyagroups.com\contracktor\socius\system\CodeIgniter.php(910): App\Controllers\CttAdmin\Industry->industrylisting()
#7 G:\PleskVhosts\kamyagroups.com\contracktor\socius\system\CodeIgniter.php(398): CodeIgniter\CodeIgniter->runController(Object(App\Controllers\CttAdmin\Industry))
#8 G:\PleskVhosts\kamyagroups.com\contracktor\socius\system\CodeIgniter.php(306): CodeIgniter\CodeIgniter->handleRequest(NULL, Object(Config\Cache), false)
#9 G:\PleskVhosts\kamyagroups.com\contracktor\socius\index.php(222): CodeIgniter\CodeIgniter->run()
#10 {main}
INFO - 2021-10-25 10:15:42 --> Controller "App\Controllers\CttAdmin\Setting" loaded.
INFO - 2021-10-25 10:15:43 --> Session: Class initialized using 'CodeIgniter\Session\Handlers\FileHandler' driver.
INFO - 2021-10-25 10:15:47 --> Controller "App\Controllers\CttAdmin\Setting" loaded.
INFO - 2021-10-25 10:15:47 --> Session: Class initialized using 'CodeIgniter\Session\Handlers\FileHandler' driver.
INFO - 2021-10-25 10:15:53 --> Controller "App\Controllers\CttAdmin\Setting" loaded.
INFO - 2021-10-25 10:15:53 --> Session: Class initialized using 'CodeIgniter\Session\Handlers\FileHandler' driver.
INFO - 2021-10-25 10:15:54 --> Controller "App\Controllers\CttAdmin\Setting" loaded.
INFO - 2021-10-25 10:15:54 --> Session: Class initialized using 'CodeIgniter\Session\Handlers\FileHandler' driver.
