INFO - 2021-10-28 01:56:30 --> Controller "App\Controllers\CttAdmin\Home" loaded.
INFO - 2021-10-28 01:56:30 --> Session: Class initialized using 'CodeIgniter\Session\Handlers\FileHandler' driver.
INFO - 2021-10-28 02:30:40 --> Controller "App\Controllers\CttAdmin\Home" loaded.
INFO - 2021-10-28 02:30:40 --> Session: Class initialized using 'CodeIgniter\Session\Handlers\FileHandler' driver.
INFO - 2021-10-28 02:30:43 --> Controller "App\Controllers\CttAdmin\Home" loaded.
INFO - 2021-10-28 02:30:43 --> Session: Class initialized using 'CodeIgniter\Session\Handlers\FileHandler' driver.
INFO - 2021-10-28 02:31:06 --> Controller "App\Controllers\CttAdmin\Home" loaded.
INFO - 2021-10-28 02:31:06 --> Session: Class initialized using 'CodeIgniter\Session\Handlers\FileHandler' driver.
INFO - 2021-10-28 02:31:07 --> Controller "App\Controllers\CttAdmin\Home" loaded.
INFO - 2021-10-28 02:31:07 --> Session: Class initialized using 'CodeIgniter\Session\Handlers\FileHandler' driver.
INFO - 2021-10-28 02:36:59 --> Controller "App\Controllers\CttAdmin\Parameter" loaded.
INFO - 2021-10-28 02:36:59 --> Session: Class initialized using 'CodeIgniter\Session\Handlers\FileHandler' driver.
INFO - 2021-10-28 02:37:07 --> Controller "App\Controllers\CttAdmin\Setting" loaded.
INFO - 2021-10-28 02:37:08 --> Session: Class initialized using 'CodeIgniter\Session\Handlers\FileHandler' driver.
INFO - 2021-10-28 02:37:13 --> Controller "App\Controllers\CttAdmin\Setting" loaded.
INFO - 2021-10-28 02:37:13 --> Session: Class initialized using 'CodeIgniter\Session\Handlers\FileHandler' driver.
INFO - 2021-10-28 02:37:24 --> Controller "App\Controllers\CttAdmin\Setting" loaded.
INFO - 2021-10-28 02:37:24 --> Session: Class initialized using 'CodeIgniter\Session\Handlers\FileHandler' driver.
INFO - 2021-10-28 02:37:24 --> Controller "App\Controllers\CttAdmin\Setting" loaded.
INFO - 2021-10-28 02:37:24 --> Session: Class initialized using 'CodeIgniter\Session\Handlers\FileHandler' driver.
INFO - 2021-10-28 02:37:33 --> Controller "App\Controllers\CttAdmin\KeyManager" loaded.
INFO - 2021-10-28 02:37:33 --> Session: Class initialized using 'CodeIgniter\Session\Handlers\FileHandler' driver.
INFO - 2021-10-28 02:37:44 --> Controller "App\Controllers\CttAdmin\Industry" loaded.
INFO - 2021-10-28 02:37:44 --> Session: Class initialized using 'CodeIgniter\Session\Handlers\FileHandler' driver.
INFO - 2021-10-28 02:38:11 --> Controller "App\Controllers\CttAdmin\Vendor" loaded.
INFO - 2021-10-28 02:38:11 --> Session: Class initialized using 'CodeIgniter\Session\Handlers\FileHandler' driver.
INFO - 2021-10-28 02:38:20 --> Controller "App\Controllers\CttAdmin\Vendor" loaded.
INFO - 2021-10-28 02:38:20 --> Session: Class initialized using 'CodeIgniter\Session\Handlers\FileHandler' driver.
INFO - 2021-10-28 02:38:38 --> Controller "App\Controllers\CttAdmin\Employee" loaded.
INFO - 2021-10-28 02:38:38 --> Session: Class initialized using 'CodeIgniter\Session\Handlers\FileHandler' driver.
INFO - 2021-10-28 02:38:44 --> Controller "App\Controllers\CttAdmin\Employee" loaded.
INFO - 2021-10-28 02:38:44 --> Session: Class initialized using 'CodeIgniter\Session\Handlers\FileHandler' driver.
INFO - 2021-10-28 02:38:58 --> Controller "App\Controllers\CttAdmin\Employee" loaded.
INFO - 2021-10-28 02:39:05 --> Controller "App\Controllers\CttAdmin\Employee" loaded.
INFO - 2021-10-28 02:39:09 --> Controller "App\Controllers\CttAdmin\Employee" loaded.
INFO - 2021-10-28 02:39:15 --> Controller "App\Controllers\CttAdmin\Employee" loaded.
INFO - 2021-10-28 02:39:15 --> Session: Class initialized using 'CodeIgniter\Session\Handlers\FileHandler' driver.
INFO - 2021-10-28 02:42:12 --> Controller "App\Controllers\CttAdmin\Home" loaded.
INFO - 2021-10-28 02:42:12 --> Session: Class initialized using 'CodeIgniter\Session\Handlers\FileHandler' driver.
INFO - 2021-10-28 02:42:21 --> Controller "App\Controllers\CttAdmin\Home" loaded.
INFO - 2021-10-28 02:42:21 --> Session: Class initialized using 'CodeIgniter\Session\Handlers\FileHandler' driver.
INFO - 2021-10-28 02:42:21 --> Controller "App\Controllers\CttAdmin\Home" loaded.
INFO - 2021-10-28 02:42:21 --> Session: Class initialized using 'CodeIgniter\Session\Handlers\FileHandler' driver.
INFO - 2021-10-28 02:42:32 --> Controller "App\Controllers\CttAdmin\Home" loaded.
INFO - 2021-10-28 02:42:32 --> Session: Class initialized using 'CodeIgniter\Session\Handlers\FileHandler' driver.
INFO - 2021-10-28 02:42:32 --> Controller "App\Controllers\CttAdmin\Home" loaded.
INFO - 2021-10-28 02:42:32 --> Session: Class initialized using 'CodeIgniter\Session\Handlers\FileHandler' driver.
INFO - 2021-10-28 02:42:41 --> Controller "App\Controllers\CttAdmin\Home" loaded.
INFO - 2021-10-28 02:42:41 --> Session: Class initialized using 'CodeIgniter\Session\Handlers\FileHandler' driver.
INFO - 2021-10-28 02:42:41 --> Controller "App\Controllers\CttAdmin\Home" loaded.
INFO - 2021-10-28 02:42:41 --> Session: Class initialized using 'CodeIgniter\Session\Handlers\FileHandler' driver.
INFO - 2021-10-28 02:42:54 --> Controller "App\Controllers\CttAdmin\Home" loaded.
INFO - 2021-10-28 02:42:54 --> Session: Class initialized using 'CodeIgniter\Session\Handlers\FileHandler' driver.
INFO - 2021-10-28 06:16:14 --> Controller "App\Controllers\CttAdmin\Home" loaded.
INFO - 2021-10-28 06:16:14 --> Session: Class initialized using 'CodeIgniter\Session\Handlers\FileHandler' driver.
INFO - 2021-10-28 06:16:16 --> Controller "App\Controllers\CttAdmin\Home" loaded.
INFO - 2021-10-28 06:16:16 --> Session: Class initialized using 'CodeIgniter\Session\Handlers\FileHandler' driver.
INFO - 2021-10-28 06:18:42 --> Controller "App\Controllers\CttAdmin\Parameter" loaded.
INFO - 2021-10-28 06:18:42 --> Session: Class initialized using 'CodeIgniter\Session\Handlers\FileHandler' driver.
INFO - 2021-10-28 06:23:45 --> Controller "App\Controllers\CttAdmin\Home" loaded.
INFO - 2021-10-28 06:23:45 --> Session: Class initialized using 'CodeIgniter\Session\Handlers\FileHandler' driver.
INFO - 2021-10-28 06:24:51 --> Controller "App\Controllers\CttAdmin\Home" loaded.
INFO - 2021-10-28 06:24:51 --> Session: Class initialized using 'CodeIgniter\Session\Handlers\FileHandler' driver.
INFO - 2021-10-28 06:24:52 --> Controller "App\Controllers\CttAdmin\Home" loaded.
INFO - 2021-10-28 06:24:52 --> Session: Class initialized using 'CodeIgniter\Session\Handlers\FileHandler' driver.
INFO - 2021-10-28 06:25:03 --> Controller "App\Controllers\CttAdmin\Setting" loaded.
INFO - 2021-10-28 06:25:03 --> Session: Class initialized using 'CodeIgniter\Session\Handlers\FileHandler' driver.
INFO - 2021-10-28 06:27:13 --> Controller "App\Controllers\CttAdmin\Home" loaded.
INFO - 2021-10-28 06:27:13 --> Session: Class initialized using 'CodeIgniter\Session\Handlers\FileHandler' driver.
INFO - 2021-10-28 06:27:13 --> Controller "App\Controllers\CttAdmin\Home" loaded.
INFO - 2021-10-28 06:27:13 --> Session: Class initialized using 'CodeIgniter\Session\Handlers\FileHandler' driver.
INFO - 2021-10-28 06:52:56 --> Controller "App\Controllers\CttAdmin\Home" loaded.
INFO - 2021-10-28 06:52:56 --> Session: Class initialized using 'CodeIgniter\Session\Handlers\FileHandler' driver.
